==1165== Memcheck, a memory error detector
==1165== Copyright (C) 2002-2017, and GNU GPL'd, by Julian Seward et al.
==1165== Using Valgrind-3.18.1 and LibVEX; rerun with -h for copyright info
==1165== Command: ./a.out
==1165== Parent PID: 346
==1165== 
==1165== Conditional jump or move depends on uninitialised value(s)
==1165==    at 0x1095A3: main (6. Zigzag_Conversation.c:61)
==1165== 
==1165== 
==1165== HEAP SUMMARY:
==1165==     in use at exit: 15 bytes in 1 blocks
==1165==   total heap usage: 2 allocs, 1 frees, 1,039 bytes allocated
==1165== 
==1165== 15 bytes in 1 blocks are definitely lost in loss record 1 of 1
==1165==    at 0x4848899: malloc (in /usr/libexec/valgrind/vgpreload_memcheck-amd64-linux.so)
==1165==    by 0x1091F4: convert (6. Zigzag_Conversation.c:10)
==1165==    by 0x109550: main (6. Zigzag_Conversation.c:59)
==1165== 
==1165== LEAK SUMMARY:
==1165==    definitely lost: 15 bytes in 1 blocks
==1165==    indirectly lost: 0 bytes in 0 blocks
==1165==      possibly lost: 0 bytes in 0 blocks
==1165==    still reachable: 0 bytes in 0 blocks
==1165==         suppressed: 0 bytes in 0 blocks
==1165== 
==1165== Use --track-origins=yes to see where uninitialised values come from
==1165== For lists of detected and suppressed errors, rerun with: -s
==1165== ERROR SUMMARY: 2 errors from 2 contexts (suppressed: 0 from 0)
